
> client@0.0.0 build
> vite build

[36mvite v8.0.3 [32mbuilding client environment for production...[36m[39m
[2K
transforming...Γ£ô 2688 modules transformed.
rendering chunks...
computing gzip size...
dist/index.html                     0.45 kB Γöé gzip:   0.29 kB
dist/assets/index-BuexwhvP.css     34.55 kB Γöé gzip:   6.60 kB
dist/assets/index-qRU2o1yq.js   1,309.71 kB Γöé gzip: 376.74 kB

[32mΓ£ô built in 1.77s[39m
node.exe : [33m[plugin 
builtin:vite-reporter] 
At line:1 char:1
+ & "C:\Program 
Files\nodejs/node.exe" 
"C:\Program 
Files\nodejs/node_mo ...
+ ~~~~~~~~~~~~~~~~~~~~~~~~~
~~~~~~~~~~~~~~~~~~~~~~~~~~~
~~~~~~~~~~~~~~~~~
    + CategoryInfo         
     : NotSpecified: ([3  
  3m[plugin builtin:vite   
 -reporter] :String) []    
, RemoteException
    + FullyQualifiedErrorI 
   d : NativeCommandError
 
(!) Some chunks are larger 
than 500 kB after 
minification. Consider:
- Using dynamic import() 
to code-split the 
application
- Use build.rolldownOptions
.output.codeSplitting to 
improve chunking: https://r
olldown.rs/reference/Output
Options.codeSplitting
- Adjust chunk size limit 
for this warning via build.
chunkSizeWarningLimit.[39m
